// Jest Snapshot v1, https://goo.gl/fbAQLP

exports[`Render Content Should render without error renders correctly 1`] = `ReactWrapper {}`;
