// Jest Snapshot v1, https://goo.gl/fbAQLP

exports[`Render Game Render Player list Snapshot test renders correctly 1`] = `ReactWrapper {}`;
